// Jest Snapshot v1, https://goo.gl/fbAQLP

exports[`NAlter renders correctly 1`] = `
<div class="base-alert">
  <div class="alert-content">
    <!----><span class="message-text"><!----></span>
    <!---->
  </div>
</div>
`;
