// Jest Snapshot v1, https://goo.gl/fbAQLP

exports[`NLoader renders correctly 1`] = `<span class="loadding"><div style="height: 36px; width: 36px;"></div><span class="loadding-text md-text"></span></span>`;
